INFO:root:this is my first code for logging
INFO:root:2
INFO:root:this is my first code for logging
INFO:root:[1, 2, 3, 4, 5, 6, 7]
INFO:root:[1, 2, 3, 4, 5, 6, 7]
INFO:root:[1, 2, 3, 4, 5, 6, 7]
INFO:root:[1, 2, 3, 4, 5, 6, 7]
INFO:root:[1, 2, 3, 4, 5, 6, 7]
INFO:root:[1, 2, 3, 4, 5, 6, 7]
INFO:root:[1, 2, 3, 4, 5, 6, 7]
